2025-04-22 19:33:17,964 [main] INFO 23rdNov24_CoverFox - Hello
2025-04-22 23:20:35,080 [main] INFO 23rdNov24_CoverFox - Welcome to CoverFox Testing
2025-04-22 23:20:45,058 [main] WARN 23rdNov24_CoverFox - Launching browser
2025-04-22 23:20:46,148 [main] INFO 23rdNov24_CoverFox - Clicking on gender
2025-04-22 23:20:46,873 [main] INFO 23rdNov24_CoverFox - clickOnNextButtonHealthPlanPage
2025-04-22 23:20:49,389 [main] INFO 23rdNov24_CoverFox - handleAgeDropDown
2025-04-22 23:20:49,621 [main] INFO 23rdNov24_CoverFox - clickOnNextButtonOfMemberDetails
2025-04-22 23:20:50,331 [main] INFO 23rdNov24_CoverFox - enterPinCode
2025-04-22 23:20:50,604 [main] INFO 23rdNov24_CoverFox - enterMobileNumber
2025-04-22 23:20:51,008 [main] INFO 23rdNov24_CoverFox - clickOnContinueButton
2025-04-22 23:20:55,275 [main] INFO 23rdNov24_CoverFox - validating CoverFoxPlans
2025-04-22 23:20:55,291 [main] INFO 23rdNov24_CoverFox - closing browser
2025-04-22 23:23:29,813 [main] INFO 23rdNov24_CoverFox - Welcome to CoverFox Testing
2025-04-22 23:23:37,833 [main] WARN 23rdNov24_CoverFox - Launching browser
2025-04-22 23:23:39,478 [main] INFO 23rdNov24_CoverFox - Clicking on gender
2025-04-22 23:23:40,209 [main] INFO 23rdNov24_CoverFox - clickOnNextButtonHealthPlanPage
2025-04-22 23:23:42,640 [main] INFO 23rdNov24_CoverFox - handleAgeDropDown
2025-04-22 23:23:42,945 [main] INFO 23rdNov24_CoverFox - clickOnNextButtonOfMemberDetails
2025-04-22 23:23:43,750 [main] INFO 23rdNov24_CoverFox - enterPinCode
2025-04-22 23:23:44,113 [main] INFO 23rdNov24_CoverFox - enterMobileNumber
2025-04-22 23:23:44,405 [main] INFO 23rdNov24_CoverFox - clickOnContinueButton
2025-04-22 23:23:48,507 [main] INFO 23rdNov24_CoverFox - validating CoverFoxPlans
2025-04-22 23:23:48,523 [main] INFO 23rdNov24_CoverFox - closing browser
