2025-04-22 19:33:17,964 - 23rdNov24_CoverFox -INFO - Hello
2025-04-22 23:20:35,080 - 23rdNov24_CoverFox -INFO - Welcome to CoverFox Testing
2025-04-22 23:20:45,058 - 23rdNov24_CoverFox -WARN - Launching browser
2025-04-22 23:20:46,148 - 23rdNov24_CoverFox -INFO - Clicking on gender
2025-04-22 23:20:46,873 - 23rdNov24_CoverFox -INFO - clickOnNextButtonHealthPlanPage
2025-04-22 23:20:49,389 - 23rdNov24_CoverFox -INFO - handleAgeDropDown
2025-04-22 23:20:49,621 - 23rdNov24_CoverFox -INFO - clickOnNextButtonOfMemberDetails
2025-04-22 23:20:50,331 - 23rdNov24_CoverFox -INFO - enterPinCode
2025-04-22 23:20:50,604 - 23rdNov24_CoverFox -INFO - enterMobileNumber
2025-04-22 23:20:51,008 - 23rdNov24_CoverFox -INFO - clickOnContinueButton
2025-04-22 23:20:55,275 - 23rdNov24_CoverFox -INFO - validating CoverFoxPlans
2025-04-22 23:20:55,291 - 23rdNov24_CoverFox -INFO - closing browser
2025-04-22 23:23:29,813 - 23rdNov24_CoverFox -INFO - Welcome to CoverFox Testing
2025-04-22 23:23:37,833 - 23rdNov24_CoverFox -WARN - Launching browser
2025-04-22 23:23:39,478 - 23rdNov24_CoverFox -INFO - Clicking on gender
2025-04-22 23:23:40,209 - 23rdNov24_CoverFox -INFO - clickOnNextButtonHealthPlanPage
2025-04-22 23:23:42,640 - 23rdNov24_CoverFox -INFO - handleAgeDropDown
2025-04-22 23:23:42,945 - 23rdNov24_CoverFox -INFO - clickOnNextButtonOfMemberDetails
2025-04-22 23:23:43,750 - 23rdNov24_CoverFox -INFO - enterPinCode
2025-04-22 23:23:44,113 - 23rdNov24_CoverFox -INFO - enterMobileNumber
2025-04-22 23:23:44,405 - 23rdNov24_CoverFox -INFO - clickOnContinueButton
2025-04-22 23:23:48,507 - 23rdNov24_CoverFox -INFO - validating CoverFoxPlans
2025-04-22 23:23:48,523 - 23rdNov24_CoverFox -INFO - closing browser
2025-05-02 23:32:39,641 - 23rdNov24_CoverFox -INFO - Welcome to CoverFox Testing
2025-05-02 23:32:50,070 - 23rdNov24_CoverFox -WARN - Launching browser
2025-05-02 23:32:50,762 - 23rdNov24_CoverFox -INFO - Clicking on gender
2025-05-02 23:32:51,386 - 23rdNov24_CoverFox -INFO - clickOnNextButtonHealthPlanPage
2025-05-02 23:32:53,278 - 23rdNov24_CoverFox -INFO - handleAgeDropDown
2025-05-02 23:32:53,528 - 23rdNov24_CoverFox -INFO - clickOnNextButtonOfMemberDetails
2025-05-02 23:32:53,940 - 23rdNov24_CoverFox -INFO - enterPinCode
2025-05-02 23:32:54,130 - 23rdNov24_CoverFox -INFO - enterMobileNumber
2025-05-02 23:32:54,294 - 23rdNov24_CoverFox -INFO - clickOnContinueButton
2025-05-02 23:32:58,390 - 23rdNov24_CoverFox -INFO - validating CoverFoxPlans
2025-05-02 23:32:58,401 - 23rdNov24_CoverFox -INFO - closing browser
